
Running 1 test using 1 worker

Warnings on /exercises/ghost-notes: [
  [32m'[MIDI] Failed to obtain MIDI access NotAllowedError: Permission to use Web MIDI API was not granted.'[39m
]
  Γ£ô  1 [chromium] ΓÇ║ tests\e2e\console-errors.spec.ts:60:3 ΓÇ║ Console Error Detection ΓÇ║ /exercises/ghost-notes should have no console errors (1.5s)

  1 passed (4.7s)
